error|SharedTest|io.infinite.bobbin.tests_2_x_x.shared.SharedTest|Parent Thread error abcd$uuid
warn|SharedTest|io.infinite.bobbin.tests_2_x_x.shared.SharedTest|Parent Thread warn 1234$uuid
error|test thread 1|io.infinite.bobbin.tests_2_x_x.shared.SharedTest|Thread 1 error abcd$uuid
warn|test thread 1|io.infinite.bobbin.tests_2_x_x.shared.SharedTest|Thread 1 warn 1234$uuid
error|test thread 2|io.infinite.bobbin.tests_2_x_x.shared.SharedTest|Thread 2 error abcd$uuid
warn|test thread 2|io.infinite.bobbin.tests_2_x_x.shared.SharedTest|Thread 2 warn 1234$uuid
